
> @figma/my-make-file@0.0.1 build
> vite build

[36mvite v6.3.5 [32mbuilding for production...[36m[39m
transforming...
[32m✓[39m 22 modules transformed.
[31m✗[39m Build failed in 437ms
[31merror during build:
[31m[commonjs--resolver] Failed to resolve entry for package "react-map-gl". The package may have incorrect main/module/exports specified in its package.json: Missing "." specifier in "react-map-gl" package[31m
    at packageEntryFailure (file:///C:/Users/HYPE%20AMD/Documents/Karir/Company%20Profile%20Website/node_modules/vite/dist/node/chunks/dep-DBxKXgDP.js:16198:15)
    at resolvePackageEntry (file:///C:/Users/HYPE%20AMD/Documents/Karir/Company%20Profile%20Website/node_modules/vite/dist/node/chunks/dep-DBxKXgDP.js:16193:5)
    at tryNodeResolve (file:///C:/Users/HYPE%20AMD/Documents/Karir/Company%20Profile%20Website/node_modules/vite/dist/node/chunks/dep-DBxKXgDP.js:16060:18)
    at Object.resolveId (file:///C:/Users/HYPE%20AMD/Documents/Karir/Company%20Profile%20Website/node_modules/vite/dist/node/chunks/dep-DBxKXgDP.js:15831:19)
    at Object.handler (file:///C:/Users/HYPE%20AMD/Documents/Karir/Company%20Profile%20Website/node_modules/vite/dist/node/chunks/dep-DBxKXgDP.js:46459:15)
    at file:///C:/Users/HYPE%20AMD/Documents/Karir/Company%20Profile%20Website/node_modules/rollup/dist/es/shared/node-entry.js:22571:40
    at async PluginDriver.hookFirstAndGetPlugin (file:///C:/Users/HYPE%20AMD/Documents/Karir/Company%20Profile%20Website/node_modules/rollup/dist/es/shared/node-entry.js:22453:28)
    at async resolveId (file:///C:/Users/HYPE%20AMD/Documents/Karir/Company%20Profile%20Website/node_modules/rollup/dist/es/shared/node-entry.js:20912:26)
    at async ModuleLoader.resolveId (file:///C:/Users/HYPE%20AMD/Documents/Karir/Company%20Profile%20Website/node_modules/rollup/dist/es/shared/node-entry.js:21358:15)
    at async Object.resolveId (file:///C:/Users/HYPE%20AMD/Documents/Karir/Company%20Profile%20Website/node_modules/vite/dist/node/chunks/dep-DBxKXgDP.js:2835:10)[39m
